=~=~=~=~=~=~=~=~=~=~=~= PuTTY log 2019.03.02 00:27:10 =~=~=~=~=~=~=~=~=~=~=~=
login as: zh
zh@192.168.1.3's password: 
Welcome to Ubuntu 16.04.6 LTS (GNU/Linux 4.15.0-29-generic x86_64)

 * Documentation:  https://help.ubuntu.com
 * Management:     https://landscape.canonical.com
 * Support:        https://ubuntu.com/advantage

3 packages can be updated.
0 updates are security updates.

New release '18.04.2 LTS' available.
Run 'do-release-upgrade' to upgrade to it.

*** System restart required ***
Last login: Fri Mar  1 05:17:54 2019 from 192.168.1.2
spawn: command not found
couldn't read file " password for zh:": no such file or directory
The program 'send' can be found in the following packages:
 * mailutils-mh
 * nmh
Try: sudo apt install <selected package>
interact: command not found
couldn't read file "eof": no such file or directory
zh@ubuntu:~$ sudo vi /etc/custom_mount_sdb.sh 
[sudo] password for zh: 
"/etc/custom_mount_sdb.sh" 7 lines, 133 characters#!/usr/bin/expect
set timeout 5
spawn /usr/bin/sudo /bin/mount /dev/sdb1 /sdb/
expect "password for zh:"
send "1\r"
interract

~                                                                               ~                                                                               ~                                                                               ~                                                                               ~                                                                               ~                                                                               ~                                                                               ~                                                                               ~                                                                               ~                                                                               ~                                                                               ~                                                                               ~                                                                               ~                                                                               ~                                                                               ~                                                                               





:qzh@ubuntu:~$ cd /sdb/build/
zh@ubuntu:/sdb/build$ ls
bazel-0.5.4-installer-linux-x86_64.sh  data_model  tensorflow
zh@ubuntu:/sdb/build$ mkdir testtensorflow_test
zh@ubuntu:/sdb/build$ cd tensorflow_test/
zh@ubuntu:/sdb/build/tensorflow_test$ ls
zh@ubuntu:/sdb/build/tensorflow_test$ ls
zh@ubuntu:/sdb/build/tensorflow_test$ vi Makefile
"Makefile" [New File]~                                                                               ~                                                                               ~                                                                               ~                                                                               ~                                                                               ~                                                                               ~                                                                               ~                                                                               ~                                                                               ~                                                                               ~                                                                               ~                                                                               ~                                                                               ~                                                                               ~                                                                               ~                                                                               ~                                                                               ~                                                                               ~                                                                               ~                                                                               ~                                                                               ~                                                                               CC=gccTEST_:qE37: No write since last change (add ! to override):q!zh@ubuntu:/sdb/build/tensorflow_test$ ls
zh@ubuntu:/sdb/build/tensorflow_test$ vi hello_tf.c
"hello_tf.c" [New File]~                                                                               ~                                                                               ~                                                                               ~                                                                               ~                                                                               ~                                                                               ~                                                                               ~                                                                               ~                                                                               ~                                                                               ~                                                                               ~                                                                               ~                                                                               ~                                                                               ~                                                                               ~                                                                               ~                                                                               ~                                                                               ~                                                                               ~                                                                               ~                                                                               ~                                                                               i#include <stdio.h>Ai#include "tensorflow/c/c_api.h"int main(int argc, char *argv[]){printf("Hello, from TensorfFlow C library version %s\n", TF_VEersion());return 0;}:wq"hello_tf.c" [New File] 10 lines, 173 characters written
zh@ubuntu:/sdb/build/tensorflow_test$ vi hello_tf.clsvi Makefile
"Makefile" [New File]~                                                                               ~                                                                               ~                                                                               ~                                                                               ~                                                                               ~                                                                               ~                                                                               ~                                                                               ~                                                                               ~                                                                               ~                                                                               ~                                                                               ~                                                                               ~                                                                               ~                                                                               ~                                                                               ~                                                                               ~                                                                               ~                                                                               ~                                                                               ~                                                                               ~                                                                               GGGCC = C=gccCFLAGS+=-gLIBS+=TEST_SRC_FILES=$(wildcardD1 line less; before #2  2 seconds ago
~                                                                               rd main.c)+=$(wildcard main.c)+=$(wildcard main.c)TEST_SRC_FILES+=$(wildcard test_*.c)TEST_OBJS +=+=$(patsubst %.c,%.o,$(TEST_SRC_FILES)).PHONY:all cleanall:$(TEST_OBJS)all:(TEST_OBJS)TEST_OBJS)EST_OBJS)ST_OBJS)T_OBJS)_OBJS)OBJS)BJS)JS)S)):test%.o:%c$(CC) -$(CFLAGS) -c $^< -o $@test:$(TEST_OBJS)$(CC) $(LIBS) $(TEST$(TEST_OBJS) -o $@clean:rm -rf $(TEST_OBJS) test:wq"Makefile" [New File] 18 lines, 297 characters written
zh@ubuntu:/sdb/build/tensorflow_test$ ls
hello_tf.c  Makefile
zh@ubuntu:/sdb/build/tensorflow_test$ mv hello_tf.c test_hellotf.c
zh@ubuntu:/sdb/build/tensorflow_test$ vi main.c
"main.c" [New File]~                                                                               ~                                                                               ~                                                                               ~                                                                               ~                                                                               ~                                                                               ~                                                                               ~                                                                               ~                                                                               ~                                                                               ~                                                                               ~                                                                               ~                                                                               ~                                                                               ~                                                                               ~                                                                               ~                                                                               ~                                                                               ~                                                                               ~                                                                               ~                                                                               ~                                                                               #include<<std i<stdio.h>:wq"main.c" [New File] 2 lines, 20 characters written
zh@ubuntu:/sdb/build/tensorflow_test$ vi com.h
"com.h" [New File]~                                                                               ~                                                                               ~                                                                               ~                                                                               ~                                                                               ~                                                                               ~                                                                               ~                                                                               ~                                                                               ~                                                                               ~                                                                               ~                                                                               ~                                                                               ~                                                                               ~                                                                               ~                                                                               ~                                                                               ~                                                                               ~                                                                               ~                                                                               ~                                                                               ~                                                                               #ifndef __COM__HH__#define __cCOM_H__#endif


typedeftypedef int cacb_func(*cb_func)(int argc, char *argv[]);typedef struct funcc_