=~=~=~=~=~=~=~=~=~=~=~= PuTTY log 2019.02.23 22:25:10 =~=~=~=~=~=~=~=~=~=~=~=
login as: zh
zh@192.168.11.129's password: 
Welcome to Ubuntu 16.04.5 LTS (GNU/Linux 4.15.0-29-generic x86_64)

 * Documentation:  https://help.ubuntu.com
 * Management:     https://landscape.canonical.com
 * Support:        https://ubuntu.com/advantage

291 packages can be updated.
210 updates are security updates.

New release '18.04.2 LTS' available.
Run 'do-release-upgrade' to upgrade to it.

Last login: Sat Feb 23 05:27:59 2019 from 192.168.11.1
spawn: command not found
couldn't read file " password for zh:": no such file or directory
The program 'send' can be found in the following packages:
 * mailutils-mh
 * nmh
Try: sudo apt install <selected package>
interact: command not found
couldn't read file "eof": no such file or directory
zh@ubuntu:~$ sudosudo -s
[sudo] password for zh: 
root@ubuntu:~# mount /dev/sdb1 /sdb/
mount: /dev/sdb1 is already mounted or /sdb busy
       /dev/sdb1 is already mounted on /sdb
root@ubuntu:~# ls
Desktop    Downloads         Music     Public     Videos
Documents  examples.desktop  Pictures  Templates
root@ubuntu:~# cd /sdb/build/
root@ubuntu:/sdb/build# ls
root@ubuntu:/sdb/build# ls
root@ubuntu:/sdb/build# ls
root@ubuntu:/sdb/build# cd ..
root@ubuntu:/sdb# ls
build  custom_shell  lost+found
root@ubuntu:/sdb# ls
build  custom_shell  lost+found
root@ubuntu:/sdb# apt-get install -y python3-numpy python3-dev python3-pip pytho n3-wheel
E: Could not get lock /var/lib/dpkg/lock - open (11: Resource temporarily unavailable)
E: Unable to lock the administration directory (/var/lib/dpkg/), is another process using it?
root@ubuntu:/sdb# rm -rf /var/lib/kpkdpkg/lock 
root@ubuntu:/sdb# rm -rf /var/lib/dpkg/lock apt-get install -y python3-numpy python3-dev python3-pip pythonn3-wheel
Reading package lists... 0%Reading package lists... 100%Reading package lists... Done
Building dependency tree... 0%Building dependency tree... 0%Building dependency tree... 50%Building dependency tree... 50%Building dependency tree       
Reading state information... 0%Reading state information... 1%Reading state information... Done
The following additional packages will be installed:
  cpp-5 g++-5 gcc-5 gcc-5-base libasan2 libatomic1 libblas-common libblas3
  libcc1-0 libcilkrts5 libexpat1-dev libgcc-5-dev libgfortran3 libgomp1
  libitm1 liblapack3 liblsan0 libmpx0 libpython3-dev libpython3.5
  libpython3.5-dev libpython3.5-minimal libpython3.5-stdlib libquadmath0
  libstdc++-5-dev libstdc++6 libtsan0 libubsan0 python-pip-whl
  python3-setuptools python3.5 python3.5-dev python3.5-minimal
Suggested packages:
  gcc-5-locales g++-5-multilib gcc-5-doc libstdc++6-5-dbg gcc-5-multilib
  libgcc1-dbg libgomp1-dbg libitm1-dbg libatomic1-dbg libasan2-dbg
  liblsan0-dbg libtsan0-dbg libubsan0-dbg libcilkrts5-dbg libmpx0-dbg
  libquadmath0-dbg libstdc++-5-doc gfortran python-numpy-doc python3-nose
  python3-numpy-dbg python-setuptools-doc python3.5-venv python3.5-doc
  binfmt-support
The following NEW packages will be installed:
  libblas-common libblas3 libexpat1-dev libgfortran3 liblapack3 libpython3-dev
  libpython3.5-dev python-pip-whl python3-dev python3-numpy python3-pip
  python3-setuptools python3-wheel python3.5-dev
The following packages will be upgraded:
  cpp-5 g++-5 gcc-5 gcc-5-base libasan2 libatomic1 libcc1-0 libcilkrts5
  libgcc-5-dev libgomp1 libitm1 liblsan0 libmpx0 libpython3.5
  libpython3.5-minimal libpython3.5-stdlib libquadmath0 libstdc++-5-dev
  libstdc++6 libtsan0 libubsan0 python3.5 python3.5-minimal
23 upgraded, 14 newly installed, 0 to remove and 263 not upgraded.
E: Could not get lock /var/cache/apt/archives/lock - open (11: Resource temporarily unavailable)
E: Unable to lock directory /var/cache/apt/archives/
root@ubuntu:/sdb# rm  /var/cache/apt/archives/lock
root@ubuntu:/sdb# rm  /var/cache/apt/archives/lockapt-get install -y python3-numpy python3-dev python3-pip pythonn3-wheel
Reading package lists... 0%Reading package lists... 100%Reading package lists... Done
Building dependency tree... 0%Building dependency tree... 0%Building dependency tree... 50%Building dependency tree... 50%Building dependency tree       
Reading state information... 0%Reading state information... 1%Reading state information... Done
The following additional packages will be installed:
  cpp-5 g++-5 gcc-5 gcc-5-base libasan2 libatomic1 libblas-common libblas3
  libcc1-0 libcilkrts5 libexpat1-dev libgcc-5-dev libgfortran3 libgomp1
  libitm1 liblapack3 liblsan0 libmpx0 libpython3-dev libpython3.5
  libpython3.5-dev libpython3.5-minimal libpython3.5-stdlib libquadmath0
  libstdc++-5-dev libstdc++6 libtsan0 libubsan0 python-pip-whl
  python3-setuptools python3.5 python3.5-dev python3.5-minimal
Suggested packages:
  gcc-5-locales g++-5-multilib gcc-5-doc libstdc++6-5-dbg gcc-5-multilib
  libgcc1-dbg libgomp1-dbg libitm1-dbg libatomic1-dbg libasan2-dbg
  liblsan0-dbg libtsan0-dbg libubsan0-dbg libcilkrts5-dbg libmpx0-dbg
  libquadmath0-dbg libstdc++-5-doc gfortran python-numpy-doc python3-nose
  python3-numpy-dbg python-setuptools-doc python3.5-venv python3.5-doc
  binfmt-support
The following NEW packages will be installed:
  libblas-common libblas3 libexpat1-dev libgfortran3 liblapack3 libpython3-dev
  libpython3.5-dev python-pip-whl python3-dev python3-numpy python3-pip
  python3-setuptools python3-wheel python3.5-dev
The following packages will be upgraded:
  cpp-5 g++-5 gcc-5 gcc-5-base libasan2 libatomic1 libcc1-0 libcilkrts5
  libgcc-5-dev libgomp1 libitm1 liblsan0 libmpx0 libpython3.5
  libpython3.5-minimal libpython3.5-stdlib libquadmath0 libstdc++-5-dev
  libstdc++6 libtsan0 libubsan0 python3.5 python3.5-minimal
23 upgraded, 14 newly installed, 0 to remove and 263 not upgraded.
Need to get 78.6 MB of archives.
After this operation, 74.9 MB of additional disk space will be used.
0% [Working]0% [Connecting to us.archive.ubuntu.com (91.189.91.26)]0% [Connecting to us.archive.ubuntu.com (91.189.91.26)]0% [Connecting to us.archive.ubuntu.com (91.189.91.26)]0% [Connecting to us.archive.ubuntu.com (91.189.91.26)]0% [Connecting to us.archive.ubuntu.com (91.189.91.26)]0% [Connecting to us.archive.ubuntu.com (91.189.91.26)]                                                       0% [Waiting for headers]0% [Waiting for headers]                        Get:1 http://us.archive.ubuntu.com/ubuntu xenial-updates/main amd64 libpython3.5 amd64 3.5.2-2ubuntu0~16.04.5 [1,360 kB]
0% [1 libpython3.5 2,115 B/1,360 kB 0%]0% [1 libpython3.5 2,115 B/1,360 kB 0%]0% [1 libpython3.5 2,115 B/1,360 kB 0%]0% [1 libpython3.5 2,115 B/1,360 kB 0%]0% [1 libpython3.5 2,115 B/1,360 kB 0%]                347 B/s 2d 14h 53min 55s0% [1 libpython3.5 2,115 B/1,360 kB 0%]                347 B/s 2d 14h 53min 55s0% [1 libpython3.5 2,115 B/1,360 kB 0%]                347 B/s 2d 14h 53min 55s0% [1 libpython3.5 2,115 B/1,360 kB 0%]                347 B/s 2d 14h 53min 55s0% [1 libpython3.5 2,115 B/1,360 kB 0%]                347 B/s 2d 14h 53min 55s0% [1 libpython3.5 2,115 B/1,360 kB 0%]                347 B/s 2d 14h 53min 55s0% [1 libpython3.5 2,115 B/1,360 kB 0%]                347 B/s 2d 14h 53min 55s0% [1 libpython3.5 2,115 B/1,360 kB 0%]                347 B/s 2d 14h 53min 55s0% [1 libpython3.5 2,115 B/1,360 kB 0%]                347 B/s 2d 14h 53min 55s0% [1 libpython3.5 2,115 B/1,360 kB 0%]                347 B/s 2d 14h 53min 55s0% [1 libpython3.5 2,115 B/1,360 kB 0%]                347 B/s 2d 14h 53min 55s0% [1 libpython3.5 2,115 B/1,360 kB 0%]                347 B/s 2d 14h 53min 55s                                                                               0% [1 libpython3.5 2,115 B/1,360 kB 0%]0% [1 libpython3.5 2,115 B/1,360 kB 0%]0% [1 libpython3.5 2,115 B/1,360 kB 0%]0% [1 libpython3.5 2,115 B/1,360 kB 0%]0% [1 libpython3.5 2,115 B/1,360 kB 0%]0% [1 libpython3.5 2,115 B/1,360 kB 0%]0% [1 libpython3.5 2,115 B/1,360 kB 0%]0% [1 libpython3.5 2,115 B/1,360 kB 0%]0% [1 libpython3.5 2,115 B/1,360 kB 0%]0% [1 libpython3.5 2,115 B/1,360 kB 0%]0% [1 libpython3.5 2,115 B/1,360 kB 0%]0% [1 libpython3.5 2,115 B/1,360 kB 0%]0% [1 libpython3.5 2,115 B/1,360 kB 0%]0% [1 libpython3.5 2,115 B/1,360 kB 0%]0% [1 libpython3.5 2,115 B/1,360 kB 0%]0% [1 libpython3.5 2,115 B/1,360 kB 0%]0% [1 libpython3.5 2,115 B/1,360 kB 0%]0% [1 libpython3.5 2,115 B/1,360 kB 0%]0% [1 libpython3.5 2,115 B/1,360 kB 0%]0% [1 libpython3.5 2,115 B/1,360 kB 0%]0% [1 libpython3.5 2,115 B/1,360 kB 0%]
0% [1 libpython3.5 2,115 B/1,360 kB 0%]

0% [1 libpython3.5 2,115 B/1,360 kB 0%]

0% [1 libpython3.5 2,115 B/1,360 kB 0%]0% [1 libpython3.5 2,115 B/1,360 kB 0%]0% [1 libpython3.5 2,115 B/1,360 kB 0%]0% [1 libpython3.5 2,115 B/1,360 kB 0%]0% [1 libpython3.5 2,115 B/1,360 kB 0%]0% [1 libpython3.5 2,115 B/1,360 kB 0%]0% [1 libpython3.5 2,115 B/1,360 kB 0%]0% [1 libpython3.5 2,115 B/1,360 kB 0%]0% [1 libpython3.5 2,115 B/1,360 kB 0%]0% [1 libpython3.5 2,115 B/1,360 kB 0%]0% [1 libpython3.5 2,115 B/1,360 kB 0%]0% [1 libpython3.5 2,115 B/1,360 kB 0%]0% [1 libpython3.5 2,115 B/1,360 kB 0%]0% [1 libpython3.5 2,115 B/1,360 kB 0%]0% [1 libpython3.5 2,115 B/1,360 kB 0%]0% [1 libpython3.5 2,115 B/1,360 kB 0%]0% [1 libpython3.5 2,115 B/1,360 kB 0%]0% [1 libpython3.5 2,115 B/1,360 kB 0%]0% [1 libpython3.5 2,115 B/1,360 kB 0%]0% [1 libpython3.5 2,115 B/1,360 kB 0%]0% [1 libpython3.5 2,115 B/1,360 kB 0%]0% [1 libpython3.5 2,115 B/1,360 kB 0%]0% [1 libpython3.5 2,115 B/1,360 kB 0%]0% [1 libpython3.5 2,115 B/1,360 kB 0%]0% [1 libpython3.5 2,115 B/1,360 kB 0%]0% [1 libpython3.5 2,115 B/1,360 kB 0%]0% [1 libpython3.5 2,115 B/1,360 kB 0%]0% [1 libpython3.5 2,115 B/1,360 kB 0%]0% [1 libpython3.5 2,115 B/1,360 kB 0%]0% [1 libpython3.5 2,115 B/1,360 kB 0%]0% [1 libpython3.5 2,115 B/1,360 kB 0%]0% [1 libpython3.5 2,115 B/1,360 kB 0%]0% [1 libpython3.5 2,115 B/1,360 kB 0%]0% [1 libpython3.5 2,115 B/1,360 kB 0%]0% [1 libpython3.5 2,115 B/1,360 kB 0%]0% [1 libpython3.5 2,115 B/1,360 kB 0%]0% [1 libpython3.5 2,115 B/1,360 kB 0%]0% [1 libpython3.5 2,115 B/1,360 kB 0%]^C
root@ubuntu:/sdb# sudo apt-get install -y python3-numpy
Reading package lists... 0%Reading package lists... 100%Reading package lists... Done
Building dependency tree... 0%Building dependency tree... 0%Building dependency tree... 50%Building dependency tree... 50%Building dependency tree       
Reading state information... 0%Reading state information... 1%Reading state information... Done
The following additional packages will be installed:
  cpp-5 g++-5 gcc-5 gcc-5-base libasan2 libatomic1 libblas-common libblas3
  libcc1-0 libcilkrts5 libgcc-5-dev libgfortran3 libgomp1 libitm1 liblapack3
  liblsan0 libmpx0 libquadmath0 libstdc++-5-dev libstdc++6 libtsan0 libubsan0
Suggested packages:
  gcc-5-locales g++-5-multilib gcc-5-doc libstdc++6-5-dbg gcc-5-multilib
  libgcc1-dbg libgomp1-dbg libitm1-dbg libatomic1-dbg libasan2-dbg
  liblsan0-dbg libtsan0-dbg libubsan0-dbg libcilkrts5-dbg libmpx0-dbg
  libquadmath0-dbg libstdc++-5-doc gfortran python-numpy-doc python3-dev
  python3-nose python3-numpy-dbg
The following NEW packages will be installed:
  libblas-common libblas3 libgfortran3 liblapack3 python3-numpy
The following packages will be upgraded:
  cpp-5 g++-5 gcc-5 gcc-5-base libasan2 libatomic1 libcc1-0 libcilkrts5
  libgcc-5-dev libgomp1 libitm1 liblsan0 libmpx0 libquadmath0 libstdc++-5-dev
  libstdc++6 libtsan0 libubsan0
18 upgraded, 5 newly installed, 0 to remove and 268 not upgraded.
Need to get 33.6 MB of archives.
After this operation, 17.6 MB of additional disk space will be used.
0% [Working]0% [Connecting to us.archive.ubuntu.com (91.189.91.26)]0% [Connecting to us.archive.ubuntu.com (91.189.91.26)]0% [Connecting to us.archive.ubuntu.com (91.189.91.26)]0% [Connecting to us.archive.ubuntu.com (91.189.91.26)]0% [Connecting to us.archive.ubuntu.com (91.189.91.26)]0% [Connecting to us.archive.ubuntu.com (91.189.91.26)]0% [Connecting to us.archive.ubuntu.com (91.189.91.26)]0% [Connecting to us.archive.ubuntu.com (91.189.91.26)]0% [Connecting to us.archive.ubuntu.com (91.189.91.26)]0% [Connecting to us.archive.ubuntu.com (91.189.91.26)]0% [Connecting to us.archive.ubuntu.com (91.189.91.26)]0% [Connecting to us.archive.ubuntu.com (91.189.91.26)]0% [Connecting to us.archive.ubuntu.com (91.189.91.26)]0% [Connecting to us.archive.ubuntu.com (91.189.91.26)]0% [Connecting to us.archive.ubuntu.com (91.189.91.26)]0% [Connecting to us.archive.ubuntu.com (91.189.91.26)]0% [Connecting to us.archive.ubuntu.com (91.189.91.26)]0% [Connecting to us.archive.ubuntu.com (91.189.91.26)]0% [Connecting to us.archive.ubuntu.com (91.189.91.26)]0% [Connecting to us.archive.ubuntu.com (91.189.91.26)]0% [Connecting to us.archive.ubuntu.com (91.189.91.26)]0% [Connecting to us.archive.ubuntu.com (91.189.91.26)]0% [Connecting to us.archive.ubuntu.com (91.189.91.26)]0% [Connecting to us.archive.ubuntu.com (91.189.91.26)]0% [Connecting to us.archive.ubuntu.com (91.189.91.26)]0% [Connecting to us.archive.ubuntu.com (91.189.91.26)]0% [Connecting to us.archive.ubuntu.com (91.189.91.26)]0% [Connecting to us.archive.ubuntu.com (91.189.91.26)]0% [Connecting to us.archive.ubuntu.com (91.189.91.26)]0% [Connecting to us.archive.ubuntu.com (91.189.91.26)]0% [Connecting to us.archive.ubuntu.com (91.189.91.26)]


0% [Connecting to us.archive.ubuntu.com (91.189.91.26)]0% [Connecting to us.archive.ubuntu.com (91.189.91.26)]^^V0% [Connecting to us.archive.ubuntu.com (91.189.91.26)]0% [Connecting to us.archive.ubuntu.com (91.189.91.26)]^C
root@ubuntu:/sdb# ^C
root@ubuntu:/sdb# ^C
root@ubuntu:/sdb# 
root@ubuntu:/sdb# 
root@ubuntu:/sdb# sudo apt-get install -y python3-dev
Reading package lists... 0%Reading package lists... 100%Reading package lists... Done
Building dependency tree... 0%Building dependency tree... 0%Building dependency tree... 50%Building dependency tree... 50%Building dependency tree       
Reading state information... 0%Reading state information... 1%Reading state information... Done
The following additional packages will be installed:
  libexpat1-dev libpython3-dev libpython3.5 libpython3.5-dev
  libpython3.5-minimal libpython3.5-stdlib python3.5 python3.5-dev
  python3.5-minimal
Suggested packages:
  python3.5-venv python3.5-doc binfmt-support
The following NEW packages will be installed:
  libexpat1-dev libpython3-dev libpython3.5-dev python3-dev python3.5-dev
The following packages will be upgraded:
  libpython3.5 libpython3.5-minimal libpython3.5-stdlib python3.5
  python3.5-minimal
5 upgraded, 5 newly installed, 0 to remove and 281 not upgraded.
Need to get 43.6 MB of archives.
After this operation, 54.9 MB of additional disk space will be used.
0% [Working]0% [Waiting for headers]                        Get:1 http://us.archive.ubuntu.com/ubuntu xenial-updates/main amd64 libpython3.5 amd64 3.5.2-2ubuntu0~16.04.5 [1,360 kB]
0% [1 libpython3.5 5,246 B/1,360 kB 0%]0% [1 libpython3.5 12.2 kB/1,360 kB 1%]0% [1 libpython3.5 12.2 kB/1,360 kB 1%]0% [1 libpython3.5 24.8 kB/1,360 kB 2%]0% [1 libpython3.5 28.3 kB/1,360 kB 2%]0% [1 libpython3.5 39.3 kB/1,360 kB 3%]0% [1 libpython3.5 47.3 kB/1,360 kB 3%]0% [1 libpython3.5 57.5 kB/1,360 kB 4%]0% [1 libpython3.5 61.0 kB/1,360 kB 4%]0% [1 libpython3.5 61.0 kB/1,360 kB 4%]0% [1 libpython3.5 63.4 kB/1,360 kB 5%]0% [1 libpython3.5 63.4 kB/1,360 kB 5%]                  9,778 B/s 1h 14min 16s0% [1 libpython3.5 68.8 kB/1,360 kB 5%]                  9,778 B/s 1h 14min 15s0% [1 libpython3.5 82.2 kB/1,360 kB 6%]                  9,778 B/s 1h 14min 14s0% [1 libpython3.5 118 kB/1,360 kB 9%]                   9,778 B/s 1h 14min 10s0% [1 libpython3.5 127 kB/1,360 kB 9%]                    9,778 B/s 1h 14min 9s0% [1 libpython3.5 141 kB/1,360 kB 10%]                   9,778 B/s 1h 14min 8s0% [1 libpython3.5 156 kB/1,360 kB 11%]                   9,778 B/s 1h 14min 6s0% [1 libpython3.5 163 kB/1,360 kB 12%]                   9,778 B/s 1h 14min 5s0% [1 libpython3.5 182 kB/1,360 kB 13%]                   9,778 B/s 1h 14min 3s0% [1 libpython3.5 182 kB/1,360 kB 13%]                   9,778 B/s 1h 14min 3s0% [1 libpython3.5 185 kB/1,360 kB 14%]                   9,778 B/s 1h 14min 3s0% [1 libpython3.5 185 kB/1,360 kB 14%]                   9,778 B/s 1h 14min 3s0% [1 libpython3.5 196 kB/1,360 kB 14%]                     22.0 kB/s 32min 53s0% [1 libpython3.5 212 kB/1,360 kB 16%]                     22.0 kB/s 32min 53s0% [1 libpython3.5 212 kB/1,360 kB 16%]                     22.0 kB/s 32min 53s
0% [1 libpython3.5 212 kB/1,360 kB 16%]                     22.0 kB/s 32min 53s
0% [1 libpython3.5 212 kB/1,360 kB 16%]                     22.0 kB/s 32min 53s

0% [1 libpython3.5 249 kB/1,360 kB 18%]                     22.0 kB/s 32min 51s0% [1 libpython3.5 252 kB/1,360 kB 19%]                     22.0 kB/s 32min 51s0% [1 libpython3.5 256 kB/1,360 kB 19%]                     22.0 kB/s 32min 51s1% [1 libpython3.5 277 kB/1,360 kB 20%]                     22.0 kB/s 32min 50s1% [1 libpython3.5 296 kB/1,360 kB 22%]                     22.0 kB/s 32min 49s1% [1 libpython3.5 296 kB/1,360 kB 22%]                     22.0 kB/s 32min 49s1% [1 libpython3.5 305 kB/1,360 kB 22%]                     22.0 kB/s 32min 48s1% [1 libpython3.5 314 kB/1,360 kB 23%]                     19.7 kB/s 36min 39s1% [1 libpython3.5 333 kB/1,360 kB 24%]                     19.7 kB/s 36min 38s1% [1 libpython3.5 333 kB/1,360 kB 24%]                     19.7 kB/s 36min 38s1% [1 libpython3.5 333 kB/1,360 kB 24%]                     19.7 kB/s 36min 38s1% [1 libpython3.5 339 kB/1,360 kB 25%]                     19.7 kB/s 36min 38s1% [1 libpython3.5 343 kB/1,360 kB 25%]                     19.7 kB/s 36min 37s1% [1 libpython3.5 343 kB/1,360 kB 25%]                     19.7 kB/s 36min 37s1% [1 libpython3.5 343 kB/1,360 kB 25%]                     19.7 kB/s 36min 37s1% [1 libpython3.5 356 kB/1,360 kB 26%]                     19.7 kB/s 36min 37s1% [1 libpython3.5 361 kB/1,360 kB 27%]                     19.7 kB/s 36min 36s1% [1 libpython3.5 375 kB/1,360 kB 28%]                     19.7 kB/s 36min 36s1% [1 libpython3.5 375 kB/1,360 kB 28%]                     19.7 kB/s 36min 36s1% [1 libpython3.5 375 kB/1,360 kB 28%]                  10.2 kB/s 1h 10min 57s1% [1 libpython3.5 375 kB/1,360 kB 28%]                  10.2 kB/s 1h 10min 57s1% [1 libpython3.5 375 kB/1,360 kB 28%]                  10.2 kB/s 1h 10min 57s1% [1 libpython3.5 375 kB/1,360 kB 28%]                  10.2 kB/s 1h 10min 57s1% [1 libpython3.5 375 kB/1,360 kB 28%]                  10.2 kB/s 1h 10min 57s1% [1 libpython3.5 375 kB/1,360 kB 28%]                  10.2 kB/s 1h 10min 57s1% [1 libpython3.5 392 kB/1,360 kB 29%]                  10.2 kB/s 1h 10min 56s1% [1 libpython3.5 395 kB/1,360 kB 29%]                  10.2 kB/s 1h 10min 55s1% [1 libpython3.5 438 kB/1,360 kB 32%]                  10.2 kB/s 1h 10min 51s1% [1 libpython3.5 441 kB/1,360 kB 32%]                  10.2 kB/s 1h 10min 51s1% [1 libpython3.5 443 kB/1,360 kB 33%]                  10.2 kB/s 1h 10min 51s1% [1 libpython3.5 450 kB/1,360 kB 33%]                  10.2 kB/s 1h 10min 50s1% [1 libpython3.5 450 kB/1,360 kB 33%]                     12.5 kB/s 57min 40s1% [1 libpython3.5 450 kB/1,360 kB 33%]                     12.5 kB/s 57min 40s1% [1 libpython3.5 463 kB/1,360 kB 34%]                     12.5 kB/s 57min 39s1% [1 libpython3.5 463 kB/1,360 kB 34%]                     12.5 kB/s 57min 39s1% [1 libpython3.5 463 kB/1,360 kB 34%]                     12.5 kB/s 57min 39s1% [1 libpython3.5 463 kB/1,360 kB 34%]                     12.5 kB/s 57min 39s1% [1 libpython3.5 463 kB/1,360 kB 34%]                     12.5 kB/s 57min 39s1% [1 libpython3.5 463 kB/1,360 kB 34%]                     12.5 kB/s 57min 39s1% [1 libpython3.5 463 kB/1,360 kB 34%]                     12.5 kB/s 57min 39s1% [1 libpython3.5 463 kB/1,360 kB 34%]                     12.5 kB/s 57min 39s1% [1 libpython3.5 463 kB/1,360 kB 34%]                     12.5 kB/s 57min 39s1% [1 libpython3.5 463 kB/1,360 kB 34%]                     12.5 kB/s 57min 39s1% [1 libpython3.5 463 kB/1,360 kB 34%]                  2,049 B/s 5h 51min 10s1% [1 libpython3.5 463 kB/1,360 kB 34%]                  2,049 B/s 5h 51min 10s1% [1 libpython3.5 463 kB/1,360 kB 34%]                  2,049 B/s 5h 51min 10s1% [1 libpython3.5 463 kB/1,360 kB 34%]                  2,049 B/s 5h 51min 10s1% [1 libpython3.5 463 kB/1,360 kB 34%]                  2,049 B/s 5h 51min 10s1% [1 libpython3.5 463 kB/1,360 kB 34%]                  2,049 B/s 5h 51min 10s1% [1 libpython3.5 463 kB/1,360 kB 34%]                  2,049 B/s 5h 51min 10s1% [1 libpython3.5 463 kB/1,360 kB 34%]                  2,049 B/s 5h 51min 10s1% [1 libpython3.5 463 kB/1,360 kB 34%]                  2,049 B/s 5h 51min 10s1% [1 libpython3.5 463 kB/1,360 kB 34%]                  2,049 B/s 5h 51min 10s1% [1 libpython3.5 463 kB/1,360 kB 34%]                  2,049 B/s 5h 51min 10s1% [1 libpython3.5 464 kB/1,360 kB 34%]                   2,049 B/s 5h 51min 9s1% [1 libpython3.5 464 kB/1,360 kB 34%]                178 B/s 2d 19h 22min 16s1% [1 libpython3.5 464 kB/1,360 kB 34%]                178 B/s 2d 19h 22min 16s1% [1 libpython3.5 464 kB/1,360 kB 34%]                178 B/s 2d 19h 22min 16s1% [1 libpython3.5 464 kB/1,360 kB 34%]                178 B/s 2d 19h 22min 16s1% [1 libpython3.5 464 kB/1,360 kB 34%]                178 B/s 2d 19h 22min 16s1% [1 libpython3.5 464 kB/1,360 kB 34%]                178 B/s 2d 19h 22min 16s1% [1 libpython3.5 464 kB/1,360 kB 34%]                178 B/s 2d 19h 22min 16s1% [1 libpython3.5 464 kB/1,360 kB 34%]                178 B/s 2d 19h 22min 16s1% [1 libpython3.5 464 kB/1,360 kB 34%]                178 B/s 2d 19h 22min 16s1% [1 libpython3.5 464 kB/1,360 kB 34%]                178 B/s 2d 19h 22min 16s1% [1 libpython3.5 464 kB/1,360 kB 34%]                178 B/s 2d 19h 22min 16s1% [1 libpython3.5 464 kB/1,360 kB 34%]                178 B/s 2d 19h 22min 16s                                                                               1% [1 libpython3.5 464 kB/1,360 kB 34%]1% [1 libpython3.5 464 kB/1,360 kB 34%]1% [1 libpython3.5 464 kB/1,360 kB 34%]1% [1 libpython3.5 464 kB/1,360 kB 34%]1% [1 libpython3.5 464 kB/1,360 kB 34%]1% [1 libpython3.5 464 kB/1,360 kB 34%]1% [1 libpython3.5 464 kB/1,360 kB 34%]1% [1 libpython3.5 464 kB/1,360 kB 34%]1% [1 libpython3.5 464 kB/1,360 kB 34%]1% [1 libpython3.5 464 kB/1,360 kB 34%]1% [1 libpython3.5 464 kB/1,360 kB 34%]1% [1 libpython3.5 464 kB/1,360 kB 34%]1% [1 libpython3.5 474 kB/1,360 kB 35%]                   1,693 B/s 7h 4min 53s1% [1 libpython3.5 474 kB/1,360 kB 35%]                   1,693 B/s 7h 4min 53s1% [1 libpython3.5 474 kB/1,360 kB 35%]                   1,693 B/s 7h 4min 53s1% [1 libpython3.5 474 kB/1,360 kB 35%]                   1,693 B/s 7h 4min 53s1% [1 libpython3.5 474 kB/1,360 kB 35%]                   1,693 B/s 7h 4min 53s1% [1 libpython3.5 474 kB/1,360 kB 35%]                   1,693 B/s 7h 4min 53s1% [1 libpython3.5 474 kB/1,360 kB 35%]                   1,693 B/s 7h 4min 53s1% [1 libpython3.5 474 kB/1,360 kB 35%]                   1,693 B/s 7h 4min 53s1% [1 libpython3.5 474 kB/1,360 kB 35%]                   1,693 B/s 7h 4min 53s1% [1 libpython3.5 474 kB/1,360 kB 35%]                   1,693 B/s 7h 4min 53s1% [1 libpython3.5 474 kB/1,360 kB 35%]                   1,693 B/s 7h 4min 53s1% [1 libpython3.5 474 kB/1,360 kB 35%]                   1,693 B/s 7h 4min 53s                                                                               1% [1 libpython3.5 474 kB/1,360 kB 35%]1% [1 libpython3.5 474 kB/1,360 kB 35%]1% [1 libpython3.5 474 kB/1,360 kB 35%]1% [1 libpython3.5 474 kB/1,360 kB 35%]1% [1 libpython3.5 474 kB/1,360 kB 35%]1% [1 libpython3.5 474 kB/1,360 kB 35%]1% [1 libpython3.5 474 kB/1,360 kB 35%]1% [1 libpython3.5 474 kB/1,360 kB 35%]1% [1 libpython3.5 474 kB/1,360 kB 35%]1% [1 libpython3.5 474 kB/1,360 kB 35%]1% [1 libpython3.5 474 kB/1,360 kB 35%]1% [1 libpython3.5 474 kB/1,360 kB 35%]1% [1 libpython3.5 474 kB/1,360 kB 35%]1% [1 libpython3.5 474 kB/1,360 kB 35%]1% [1 libpython3.5 474 kB/1,360 kB 35%]1% [1 libpython3.5 474 kB/1,360 kB 35%]1% [1 libpython3.5 474 kB/1,360 kB 35%]1% [1 libpython3.5 474 kB/1,360 kB 35%]1% [1 libpython3.5 474 kB/1,360 kB 35%]1% [1 libpython3.5 474 kB/1,360 kB 35%]1% [1 libpython3.5 474 kB/1,360 kB 35%]1% [1 libpython3.5 474 kB/1,360 kB 35%]1% [1 libpython3.5 474 kB/1,360 kB 35%]1% [1 libpython3.5 474 kB/1,360 kB 35%]1% [1 libpython3.5 474 kB/1,360 kB 35%]1% [1 libpython3.5 474 kB/1,360 kB 35%]1% [1 libpython3.5 474 kB/1,360 kB 35%]1% [1 libpython3.5 474 kB/1,360 kB 35%]1% [1 libpython3.5 474 kB/1,360 kB 35%]1% [1 libpython3.5 474 kB/1,360 kB 35%]1% [1 libpython3.5 474 kB/1,360 kB 35%]1% [1 libpython3.5 474 kB/1,360 kB 35%]1% [1 libpython3.5 474 kB/1,360 kB 35%]1% [1 libpython3.5 474 kB/1,360 kB 35%]1% [1 libpython3.5 474 kB/1,360 kB 35%]1% [1 libpython3.5 474 kB/1,360 kB 35%]
1% [1 libpython3.5 474 kB/1,360 kB 35%]

1% [1 libpython3.5 474 kB/1,360 kB 35%]

1% [1 libpython3.5 474 kB/1,360 kB 35%]1% [1 libpython3.5 482 kB/1,360 kB 35%]1% [1 libpython3.5 482 kB/1,360 kB 35%]^C
root@ubuntu:/sdb# sudo apt-get install -y python3-dev
Reading package lists... 0%Reading package lists... 100%Reading package lists... Done
Building dependency tree... 0%Building dependency tree... 0%Building dependency tree... 50%Building dependency tree... 50%Building dependency tree       
Reading state information... 0%Reading state information... 1%Reading state information... Done
The following additional packages will be installed:
  libexpat1-dev libpython3-dev libpython3.5 libpython3.5-dev
  libpython3.5-minimal libpython3.5-stdlib python3.5 python3.5-dev
  python3.5-minimal
Suggested packages:
  python3.5-venv python3.5-doc binfmt-support
The following NEW packages will be installed:
  libexpat1-dev libpython3-dev libpython3.5-dev python3-dev python3.5-dev
The following packages will be upgraded:
  libpython3.5 libpython3.5-minimal libpython3.5-stdlib python3.5
  python3.5-minimal
5 upgraded, 5 newly installed, 0 to remove and 281 not upgraded.
Need to get 43.6 MB of archives.
After this operation, 54.9 MB of additional disk space will be used.
0% [Working]0% [Waiting for headers]0% [Waiting for headers]                        Get:1 http://us.archive.ubuntu.com/ubuntu xenial-updates/main amd64 libpython3.5 amd64 3.5.2-2ubuntu0~16.04.5 [1,360 kB]
1% [1 libpython3.5 485 kB/1,360 kB 36%]1% [1 libpython3.5 488 kB/1,360 kB 36%]1% [1 libpython3.5 488 kB/1,360 kB 36%]1% [1 libpython3.5 488 kB/1,360 kB 36%]1% [1 libpython3.5 488 kB/1,360 kB 36%]1% [1 libpython3.5 488 kB/1,360 kB 36%]1% [1 libpython3.5 488 kB/1,360 kB 36%]1% [1 libpython3.5 488 kB/1,360 kB 36%]1% [1 libpython3.5 488 kB/1,360 kB 36%]1% [1 libpython3.5 489 kB/1,360 kB 36%]
1% [1 libpython3.5 498 kB/1,360 kB 37%]                  2,527 B/s 4h 44min 30s1% [1 libpython3.5 498 kB/1,360 kB 37%]                  2,527 B/s 4h 44min 30s1% [1 libpython3.5 498 kB/1,360 kB 37%]                  2,527 B/s 4h 44min 30s
1% [1 libpython3.5 498 kB/1,360 kB 37%]                  2,527 B/s 4h 44min 30s
1% [1 libpython3.5 498 kB/1,360 kB 37%]                  2,527 B/s 4h 44min 30s
1% [1 libpython3.5 498 kB/1,360 kB 37%]                  2,527 B/s 4h 44min 30s

1% [1 libpython3.5 498 kB/1,360 kB 37%]                  2,527 B/s 4h 44min 30s1% [1 libpython3.5 498 kB/1,360 kB 37%]                  2,527 B/s 4h 44min 30s1% [1 libpython3.5 498 kB/1,360 kB 37%]                  2,527 B/s 4h 44min 30s1% [1 libpython3.5 498 kB/1,360 kB 37%]                  2,527 B/s 4h 44min 30s1% [1 libpython3.5 501 kB/1,360 kB 37%]                  2,527 B/s 4h 44min 29s1% [1 libpython3.5 505 kB/1,360 kB 37%]                  2,527 B/s 4h 44min 27s1% [1 libpython3.5 508 kB/1,360 kB 37%]                   1,732 B/s 6h 55min 0s1% [1 libpython3.5 510 kB/1,360 kB 38%]                  1,732 B/s 6h 54min 59s1% [1 libpython3.5 510 kB/1,360 kB 38%]                  1,732 B/s 6h 54min 59s1% [1 libpython3.5 510 kB/1,360 kB 38%]                  1,732 B/s 6h 54min 59s1% [1 libpython3.5 510 kB/1,360 kB 38%]                  1,732 B/s 6h 54min 59s1% [1 libpython3.5 510 kB/1,360 kB 38%]                  1,732 B/s 6h 54min 59s1% [1 libpython3.5 510 kB/1,360 kB 38%]                  1,732 B/s 6h 54min 59s1% [1 libpython3.5 510 kB/1,360 kB 38%]                  1,732 B/s 6h 54min 59s1% [1 libpython3.5 515 kB/1,360 kB 38%]                  1,732 B/s 6h 54min 56s1% [1 libpython3.5 515 kB/1,360 kB 38%]                  1,732 B/s 6h 54min 56s1% [1 libpython3.5 515 kB/1,360 kB 38%]                  1,732 B/s 6h 54min 56s1% [1 libpython3.5 515 kB/1,360 kB 38%]                  1,732 B/s 6h 54min 56s1% [1 libpython3.5 515 kB/1,360 kB 38%]                 1,120 B/s 10h 41min 40s1% [1 libpython3.5 515 kB/1,360 kB 38%]                 1,120 B/s 10h 41min 40s1% [1 libpython3.5 515 kB/1,360 kB 38%]                 1,120 B/s 10h 41min 40s1% [1 libpython3.5 515 kB/1,360 kB 38%]                 1,120 B/s 10h 41min 40s1% [1 libpython3.5 515 kB/1,360 kB 38%]                 1,120 B/s 10h 41min 40s1% [1 libpython3.5 515 kB/1,360 kB 38%]                 1,120 B/s 10h 41min 40s1% [1 libpython3.5 519 kB/1,360 kB 38%]                 1,120 B/s 10h 41min 36s1% [1 libpython3.5 519 kB/1,360 kB 38%]                 1,120 B/s 10h 41min 36s1% [1 libpython3.5 519 kB/1,360 kB 38%]                 1,120 B/s 10h 41min 36s1% [1 libpython3.5 519 kB/1,360 kB 38%]                 1,120 B/s 10h 41min 36s1% [1 libpython3.5 519 kB/1,360 kB 38%]                 1,120 B/s 10h 41min 36s1% [1 libpython3.5 519 kB/1,360 kB 38%]                 1,120 B/s 10h 41min 36s1% [1 libpython3.5 519 kB/1,360 kB 38%]                   623 B/s 19h 13min 28s1% [1 libpython3.5 519 kB/1,360 kB 38%]                   623 B/s 19h 13min 28s1% [1 libpython3.5 519 kB/1,360 kB 38%]                   623 B/s 19h 13min 28s1% [1 libpython3.5 519 kB/1,360 kB 38%]                   623 B/s 19h 13min 28s1% [1 libpython3.5 519 kB/1,360 kB 38%]                   623 B/s 19h 13min 28s1% [1 libpython3.5 519 kB/1,360 kB 38%]                   623 B/s 19h 13min 28s1% [1 libpython3.5 519 kB/1,360 kB 38%]                   623 B/s 19h 13min 28s1% [1 libpython3.5 519 kB/1,360 kB 38%]                   623 B/s 19h 13min 28s1% [1 libpython3.5 519 kB/1,360 kB 38%]                   623 B/s 19h 13min 28s1% [1 libpython3.5 519 kB/1,360 kB 38%]                   623 B/s 19h 13min 28s1% [1 libpython3.5 519 kB/1,360 kB 38%]                   623 B/s 19h 13min 28s1% [1 libpython3.5 519 kB/1,360 kB 38%]                   623 B/s 19h 13min 28s                                                                               1% [1 libpython3.5 519 kB/1,360 kB 38%]1% [1 libpython3.5 519 kB/1,360 kB 38%]1% [1 libpython3.5 522 kB/1,360 kB 38%]1% [1 libpython3.5 522 kB/1,360 kB 38%]1% [1 libpython3.5 522 kB/1,360 kB 38%]1% [1 libpython3.5 522 kB/1,360 kB 38%]1% [1 libpython3.5 522 kB/1,360 kB 38%]1% [1 libpython3.5 522 kB/1,360 kB 38%]1% [1 libpython3.5 522 kB/1,360 kB 38%]1% [1 libpython3.5 522 kB/1,360 kB 38%]1% [1 libpython3.5 522 kB/1,360 kB 38%]1% [1 libpython3.5 522 kB/1,360 kB 38%]1% [1 libpython3.5 522 kB/1,360 kB 38%]                   534 B/s 22h 25min 36s1% [1 libpython3.5 522 kB/1,360 kB 38%]                   534 B/s 22h 25min 36s1% [1 libpython3.5 522 kB/1,360 kB 38%]                   534 B/s 22h 25min 36s1% [1 libpython3.5 522 kB/1,360 kB 38%]                   534 B/s 22h 25min 36s1% [1 libpython3.5 522 kB/1,360 kB 38%]                   534 B/s 22h 25min 36s1% [1 libpython3.5 522 kB/1,360 kB 38%]                   534 B/s 22h 25min 36s1% [1 libpython3.5 522 kB/1,360 kB 38%]                   534 B/s 22h 25min 36s1% [1 libpython3.5 522 kB/1,360 kB 38%]                   534 B/s 22h 25min 36s1% [1 libpython3.5 522 kB/1,360 kB 38%]                   534 B/s 22h 25min 36s1% [1 libpython3.5 522 kB/1,360 kB 38%]                   534 B/s 22h 25min 36s1% [1 libpython3.5 522 kB/1,360 kB 38%]                   534 B/s 22h 25min 36s1% [1 libpython3.5 522 kB/1,360 kB 38%]                   534 B/s 22h 25min 36s                                                                               1% [1 libpython3.5 522 kB/1,360 kB 38%]1% [1 libpython3.5 522 kB/1,360 kB 38%]1% [1 libpython3.5 522 kB/1,360 kB 38%]1% [1 libpython3.5 522 kB/1,360 kB 38%]1% [1 libpython3.5 522 kB/1,360 kB 38%]1% [1 libpython3.5 522 kB/1,360 kB 38%]1% [1 libpython3.5 522 kB/1,360 kB 38%]1% [1 libpython3.5 522 kB/1,360 kB 38%]1% [1 libpython3.5 522 kB/1,360 kB 38%]1% [1 libpython3.5 522 kB/1,360 kB 38%]1% [1 libpython3.5 522 kB/1,360 kB 38%]1% [1 libpython3.5 522 kB/1,360 kB 38%]1% [1 libpython3.5 522 kB/1,360 kB 38%]1% [1 libpython3.5 522 kB/1,360 kB 38%]1% [1 libpython3.5 522 kB/1,360 kB 38%]1% [1 libpython3.5 522 kB/1,360 kB 38%]1% [1 libpython3.5 522 kB/1,360 kB 38%]1% [1 libpython3.5 524 kB/1,360 kB 39%]1% [1 libpython3.5 524 kB/1,360 kB 39%]1% [1 libpython3.5 524 kB/1,360 kB 39%]1% [1 libpython3.5 524 kB/1,360 kB 39%]1% [1 libpython3.5 524 kB/1,360 kB 39%]1% [1 libpython3.5 524 kB/1,360 kB 39%]1% [1 libpython3.5 524 kB/1,360 kB 39%]1% [1 libpython3.5 524 kB/1,360 kB 39%]                 356 B/s 1d 9h 38min 18s1% [1 libpython3.5 524 kB/1,360 kB 39%]                 356 B/s 1d 9h 38min 18s1% [1 libpython3.5 524 kB/1,360 kB 39%]                 356 B/s 1d 9h 38min 18s1% [1 libpython3.5 524 kB/1,360 kB 39%]                 356 B/s 1d 9h 38min 18s1% [1 libpython3.5 524 kB/1,360 kB 39%]                 356 B/s 1d 9h 38min 18s1% [1 libpython3.5 524 kB/1,360 kB 39%]                 356 B/s 1d 9h 38min 18s1% [1 libpython3.5 524 kB/1,360 kB 39%]                 356 B/s 1d 9h 38min 18s1% [1 libpython3.5 524 kB/1,360 kB 39%]                 356 B/s 1d 9h 38min 18s1% [1 libpython3.5 524 kB/1,360 kB 39%]                 356 B/s 1d 9h 38min 18s1% [1 libpython3.5 524 kB/1,360 kB 39%]                 356 B/s 1d 9h 38min 18s1% [1 libpython3.5 524 kB/1,360 kB 39%]                 356 B/s 1d 9h 38min 18s1% [1 libpython3.5 524 kB/1,360 kB 39%]                 356 B/s 1d 9h 38min 18s                                                                               1% [1 libpython3.5 524 kB/1,360 kB 39%]1% [1 libpython3.5 524 kB/1,360 kB 39%]1% [1 libpython3.5 524 kB/1,360 kB 39%]1% [1 libpython3.5 524 kB/1,360 kB 39%]1% [1 libpython3.5 524 kB/1,360 kB 39%]1% [1 libpython3.5 524 kB/1,360 kB 39%]1% [1 libpython3.5 524 kB/1,360 kB 39%]1% [1 libpython3.5 524 kB/1,360 kB 39%]1% [1 libpython3.5 524 kB/1,360 kB 39%]1% [1 libpython3.5 524 kB/1,360 kB 39%]1% [1 libpython3.5 524 kB/1,360 kB 39%]1% [1 libpython3.5 524 kB/1,360 kB 39%]1% [1 libpython3.5 524 kB/1,360 kB 39%]1% [1 libpython3.5 524 kB/1,360 kB 39%]1% [1 libpython3.5 524 kB/1,360 kB 39%]1% [1 libpython3.5 524 kB/1,360 kB 39%]1% [1 libpython3.5 524 kB/1,360 kB 39%]1% [1 libpython3.5 524 kB/1,360 kB 39%]1% [1 libpython3.5 524 kB/1,360 kB 39%]1% [1 libpython3.5 524 kB/1,360 kB 39%]1% [1 libpython3.5 524 kB/1,360 kB 39%]1% [1 libpython3.5 524 kB/1,360 kB 39%]1% [1 libpython3.5 524 kB/1,360 kB 39%]1% [1 libpython3.5 524 kB/1,360 kB 39%]1% [1 libpython3.5 524 kB/1,360 kB 39%]1% [1 libpython3.5 524 kB/1,360 kB 39%]1% [1 libpython3.5 524 kB/1,360 kB 39%]1% [1 libpython3.5 524 kB/1,360 kB 39%]1% [1 libpython3.5 524 kB/1,360 kB 39%]1% [1 libpython3.5 524 kB/1,360 kB 39%]1% [1 libpython3.5 524 kB/1,360 kB 39%]1% [1 libpython3.5 524 kB/1,360 kB 39%]1% [1 libpython3.5 524 kB/1,360 kB 39%]1% [1 libpython3.5 524 kB/1,360 kB 39%]1% [1 libpython3.5 524 kB/1,360 kB 39%]1% [1 libpython3.5 524 kB/1,360 kB 39%]1% [1 libpython3.5 524 kB/1,360 kB 39%]1% [1 libpython3.5 524 kB/1,360 kB 39%]1% [1 libpython3.5 524 kB/1,360 kB 39%]1% [1 libpython3.5 524 kB/1,360 kB 39%]1% [1 libpython3.5 524 kB/1,360 kB 39%]1% [1 libpython3.5 524 kB/1,360 kB 39%]1% [1 libpython3.5 524 kB/1,360 kB 39%]1% [1 libpython3.5 524 kB/1,360 kB 39%]1% [1 libpython3.5 524 kB/1,360 kB 39%]1% [1 libpython3.5 524 kB/1,360 kB 39%]1% [1 libpython3.5 524 kB/1,360 kB 39%]1% [1 libpython3.5 524 kB/1,360 kB 39%]1% [1 libpython3.5 524 kB/1,360 kB 39%]1% [1 libpython3.5 524 kB/1,360 kB 39%]1% [1 libpython3.5 524 kB/1,360 kB 39%]1% [1 libpython3.5 524 kB/1,360 kB 39%]1% [1 libpython3.5 524 kB/1,360 kB 39%]1% [1 libpython3.5 524 kB/1,360 kB 39%]1% [1 libpython3.5 524 kB/1,360 kB 39%]1% [1 libpython3.5 526 kB/1,360 kB 39%]1% [1 libpython3.5 526 kB/1,360 kB 39%]1% [1 libpython3.5 526 kB/1,360 kB 39%]1% [1 libpython3.5 526 kB/1,360 kB 39%]1% [1 libpython3.5 526 kB/1,360 kB 39%]1% [1 libpython3.5 526 kB/1,360 kB 39%]                267 B/s 1d 20h 50min 59s1% [1 libpython3.5 526 kB/1,360 kB 39%]                267 B/s 1d 20h 50min 59s1% [1 libpython3.5 526 kB/1,360 kB 39%]                267 B/s 1d 20h 50min 59s1% [1 libpython3.5 526 kB/1,360 kB 39%]                267 B/s 1d 20h 50min 59s1% [1 libpython3.5 526 kB/1,360 kB 39%]                267 B/s 1d 20h 50min 59s1% [1 libpython3.5 526 kB/1,360 kB 39%]                267 B/s 1d 20h 50min 59s1% [1 libpython3.5 526 kB/1,360 kB 39%]                267 B/s 1d 20h 50min 59s1% [1 libpython3.5 526 kB/1,360 kB 39%]                267 B/s 1d 20h 50min 59s1% [1 libpython3.5 526 kB/1,360 kB 39%]                267 B/s 1d 20h 50min 59s1% [1 libpython3.5 526 kB/1,360 kB 39%]                267 B/s 1d 20h 50min 59s1% [1 libpython3.5 526 kB/1,360 kB 39%]                267 B/s 1d 20h 50min 59s1% [1 libpython3.5 526 kB/1,360 kB 39%]                267 B/s 1d 20h 50min 59s                                                                               1% [1 libpython3.5 526 kB/1,360 kB 39%]1% [1 libpython3.5 526 kB/1,360 kB 39%]1% [1 libpython3.5 526 kB/1,360 kB 39%]1% [1 libpython3.5 526 kB/1,360 kB 39%]1% [1 libpython3.5 526 kB/1,360 kB 39%]1% [1 libpython3.5 526 kB/1,360 kB 39%]1% [1 libpython3.5 526 kB/1,360 kB 39%]1% [1 libpython3.5 526 kB/1,360 kB 39%]1% [1 libpython3.5 526 kB/1,360 kB 39%]1% [1 libpython3.5 526 kB/1,360 kB 39%]1% [1 libpython3.5 526 kB/1,360 kB 39%]1% [1 libpython3.5 526 kB/1,360 kB 39%]1% [1 libpython3.5 526 kB/1,360 kB 39%]1% [1 libpython3.5 526 kB/1,360 kB 39%]1% [1 libpython3.5 526 kB/1,360 kB 39%]1% [1 libpython3.5 526 kB/1,360 kB 39%]1% [1 libpython3.5 526 kB/1,360 kB 39%]1% [1 libpython3.5 526 kB/1,360 kB 39%]1% [1 libpython3.5 526 kB/1,360 kB 39%]1% [1 libpython3.5 526 kB/1,360 kB 39%]1% [1 libpython3.5 526 kB/1,360 kB 39%]1% [1 libpython3.5 526 kB/1,360 kB 39%]1% [1 libpython3.5 526 kB/1,360 kB 39%]1% [1 libpython3.5 526 kB/1,360 kB 39%]1% [1 libpython3.5 526 kB/1,360 kB 39%]1% [1 libpython3.5 526 kB/1,360 kB 39%]1% [1 libpython3.5 526 kB/1,360 kB 39%]1% [1 libpython3.5 526 kB/1,360 kB 39%]1% [1 libpython3.5 526 kB/1,360 kB 39%]1% [1 libpython3.5 526 kB/1,360 kB 39%]1% [1 libpython3.5 526 kB/1,360 kB 39%]1% [1 libpython3.5 526 kB/1,360 kB 39%]1% [1 libpython3.5 526 kB/1,360 kB 39%]1% [1 libpython3.5 526 kB/1,360 kB 39%]1% [1 libpython3.5 526 kB/1,360 kB 39%]1% [1 libpython3.5 526 kB/1,360 kB 39%]1% [1 libpython3.5 526 kB/1,360 kB 39%]1% [1 libpython3.5 526 kB/1,360 kB 39%]1% [1 libpython3.5 526 kB/1,360 kB 39%]1% [1 libpython3.5 526 kB/1,360 kB 39%]1% [1 libpython3.5 526 kB/1,360 kB 39%]1% [1 libpython3.5 526 kB/1,360 kB 39%]1% [1 libpython3.5 526 kB/1,360 kB 39%]1% [1 libpython3.5 526 kB/1,360 kB 39%]1% [1 libpython3.5 526 kB/1,360 kB 39%]1% [1 libpython3.5 526 kB/1,360 kB 39%]1% [1 libpython3.5 526 kB/1,360 kB 39%]1% [1 libpython3.5 526 kB/1,360 kB 39%]1% [1 libpython3.5 526 kB/1,360 kB 39%]1% [1 libpython3.5 526 kB/1,360 kB 39%]1% [1 libpython3.5 526 kB/1,360 kB 39%]1% [1 libpython3.5 526 kB/1,360 kB 39%]1% [1 libpython3.5 526 kB/1,360 kB 39%]1% [1 libpython3.5 526 kB/1,360 kB 39%]1% [1 libpython3.5 526 kB/1,360 kB 39%]1% [1 libpython3.5 526 kB/1,360 kB 39%]1% [1 libpython3.5 526 kB/1,360 kB 39%]1% [1 libpython3.5 526 kB/1,360 kB 39%]1% [1 libpython3.5 526 kB/1,360 kB 39%]1% [1 libpython3.5 526 kB/1,360 kB 39%]1% [1 libpython3.5 526 kB/1,360 kB 39%]1% [1 libpython3.5 526 kB/1,360 kB 39%]1% [1 libpython3.5 526 kB/1,360 kB 39%]1% [1 libpython3.5 526 kB/1,360 kB 39%]1% [1 libpython3.5 526 kB/1,360 kB 39%]1% [1 libpython3.5 526 kB/1,360 kB 39%]1% [1 libpython3.5 526 kB/1,360 kB 39%]1% [1 libpython3.5 526 kB/1,360 kB 39%]1% [1 libpython3.5 526 kB/1,360 kB 39%]1% [1 libpython3.5 526 kB/1,360 kB 39%]1% [1 libpython3.5 526 kB/1,360 kB 39%]1% [1 libpython3.5 526 kB/1,360 kB 39%]1% [1 libpython3.5 526 kB/1,360 kB 39%]1% [1 libpython3.5 526 kB/1,360 kB 39%]1% [1 libpython3.5 526 kB/1,360 kB 39%]1% [1 libpython3.5 526 kB/1,360 kB 39%]1% [1 libpython3.5 526 kB/1,360 kB 39%]1% [1 libpython3.5 526 kB/1,360 kB 39%]1% [1 libpython3.5 526 kB/1,360 kB 39%]1% [1 libpython3.5 526 kB/1,360 kB 39%]1% [1 libpython3.5 526 kB/1,360 kB 39%]1% [1 libpython3.5 526 kB/1,360 kB 39%]1% [1 libpython3.5 526 kB/1,360 kB 39%]1% [1 libpython3.5 526 kB/1,360 kB 39%]1% [1 libpython3.5 526 kB/1,360 kB 39%]1% [1 libpython3.5 526 kB/1,360 kB 39%]1% [1 libpython3.5 526 kB/1,360 kB 39%]1% [1 libpython3.5 526 kB/1,360 kB 39%]1% [1 libpython3.5 526 kB/1,360 kB 39%]1% [1 libpython3.5 526 kB/1,360 kB 39%]1% [1 libpython3.5 526 kB/1,360 kB 39%]1% [1 libpython3.5 526 kB/1,360 kB 39%]1% [1 libpython3.5 526 kB/1,360 kB 39%]1% [1 libpython3.5 526 kB/1,360 kB 39%]1% [1 libpython3.5 526 kB/1,360 kB 39%]1% [1 libpython3.5 526 kB/1,360 kB 39%]1% [1 libpython3.5 526 kB/1,360 kB 39%]1% [1 libpython3.5 526 kB/1,360 kB 39%]1% [1 libpython3.5 526 kB/1,360 kB 39%]1% [1 libpython3.5 526 kB/1,360 kB 39%]1% [1 libpython3.5 526 kB/1,360 kB 39%]1% [1 libpython3.5 526 kB/1,360 kB 39%]1% [1 libpython3.5 526 kB/1,360 kB 39%]1% [1 libpython3.5 526 kB/1,360 kB 39%]1% [1 libpython3.5 526 kB/1,360 kB 39%]1% [1 libpython3.5 526 kB/1,360 kB 39%]1% [1 libpython3.5 526 kB/1,360 kB 39%]^C
root@ubuntu:/sdb# ^C
root@ubuntu:/sdb# sudo apt-get install openjdk-8-jdk 
Reading package lists... 0%Reading package lists... 100%Reading package lists... Done
Building dependency tree... 0%Building dependency tree... 0%Building dependency tree... 50%Building dependency tree... 50%Building dependency tree       
Reading state information... 0%Reading state information... 1%Reading state information... Done
The following additional packages will be installed:
  ca-certificates-java fonts-dejavu-extra java-common libgif7 libice-dev
  libpthread-stubs0-dev libsm-dev libx11-6 libx11-dev libx11-doc libxau-dev
  libxcb1-dev libxdmcp-dev libxt-dev openjdk-8-jdk-headless openjdk-8-jre
  openjdk-8-jre-headless x11proto-core-dev x11proto-input-dev x11proto-kb-dev
  xorg-sgml-doctools xtrans-dev
Suggested packages:
  default-jre libice-doc libsm-doc libxcb-doc libxt-doc openjdk-8-demo
  openjdk-8-source visualvm icedtea-8-plugin fonts-ipafont-gothic
  fonts-ipafont-mincho fonts-wqy-microhei fonts-wqy-zenhei fonts-indic
The following NEW packages will be installed:
  ca-certificates-java fonts-dejavu-extra java-common libgif7 libice-dev
  libpthread-stubs0-dev libsm-dev libx11-dev libx11-doc libxau-dev libxcb1-dev
  libxdmcp-dev libxt-dev openjdk-8-jdk openjdk-8-jdk-headless openjdk-8-jre
  openjdk-8-jre-headless x11proto-core-dev x11proto-input-dev x11proto-kb-dev
  xorg-sgml-doctools xtrans-dev
The following packages will be upgraded:
  libx11-6
1 upgraded, 22 newly installed, 0 to remove and 285 not upgraded.
Need to get 42.5 MB of archives.
After this operation, 166 MB of additional disk space will be used.
Do you want to continue? [Y/n] y
0% [Working]0% [Waiting for headers]                        Get:1 http://us.archive.ubuntu.com/ubuntu xenial-updates/main amd64 libx11-6 amd64 2:1.6.3-1ubuntu2.1 [570 kB]
0% [1 libx11-6 3,189 B/570 kB 1%]0% [1 libx11-6 6,661 B/570 kB 1%]0% [1 libx11-6 6,661 B/570 kB 1%]0% [1 libx11-6 13.6 kB/570 kB 2%]0% [1 libx11-6 17.1 kB/570 kB 3%]0% [1 libx11-6 17.1 kB/570 kB 3%]0% [1 libx11-6 19.5 kB/570 kB 3%]0% [1 libx11-6 19.5 kB/570 kB 3%]0% [1 libx11-6 41.5 kB/570 kB 7%]0% [1 libx11-6 45.0 kB/570 kB 8%]0% [1 libx11-6 47.4 kB/570 kB 8%]0% [1 libx11-6 47.4 kB/570 kB 8%]                        7,618 B/s 1h 32min 49s0% [1 libx11-6 47.4 kB/570 kB 8%]                        7,618 B/s 1h 32min 49s0% [1 libx11-6 47.4 kB/570 kB 8%]                        7,618 B/s 1h 32min 49s0% [1 libx11-6 79.0 kB/570 kB 14%]                       7,618 B/s 1h 32min 45s0% [1 libx11-6 98.3 kB/570 kB 17%]                       7,618 B/s 1h 32min 42s0% [1 libx11-6 105 kB/570 kB 18%]                        7,618 B/s 1h 32min 41s0% [1 libx11-6 105 kB/570 kB 18%]                        7,618 B/s 1h 32min 41s0% [1 libx11-6 109 kB/570 kB 19%]                        7,618 B/s 1h 32min 41s0% [1 libx11-6 118 kB/570 kB 21%]                        7,618 B/s 1h 32min 40s0% [1 libx11-6 143 kB/570 kB 25%]                        7,618 B/s 1h 32min 36s0% [1 libx11-6 148 kB/570 kB 26%]                        7,618 B/s 1h 32min 36s0% [1 libx11-6 148 kB/570 kB 26%]                        7,618 B/s 1h 32min 36s0% [1 libx11-6 151 kB/570 kB 26%]                           17.2 kB/s 40min 56s0% [1 libx11-6 170 kB/570 kB 30%]                           17.2 kB/s 40min 55s0% [1 libx11-6 170 kB/570 kB 30%]                           17.2 kB/s 40min 55s0% [1 libx11-6 188 kB/570 kB 33%]                           17.2 kB/s 40min 54s0% [1 libx11-6 188 kB/570 kB 33%]                           17.2 kB/s 40min 54s0% [1 libx11-6 191 kB/570 kB 33%]                           17.2 kB/s 40min 54s0% [1 libx11-6 191 kB/570 kB 33%]                           17.2 kB/s 40min 54s0% [1 libx11-6 191 kB/570 kB 33%]                           17.2 kB/s 40min 54s0% [1 libx11-6 191 kB/570 kB 33%]                           17.2 kB/s 40min 54s0% [1 libx11-6 191 kB/570 kB 33%]                           17.2 kB/s 40min 54s0% [1 libx11-6 191 kB/570 kB 33%]                           17.2 kB/s 40min 54s0% [1 libx11-6 204 kB/570 kB 36%]                           17.2 kB/s 40min 53s0% [1 libx11-6 204 kB/570 kB 36%]                        8,870 B/s 1h 19min 25s0% [1 libx11-6 204 kB/570 kB 36%]                        8,870 B/s 1h 19min 25s0% [1 libx11-6 204 kB/570 kB 36%]                        8,870 B/s 1h 19min 25s0% [1 libx11-6 204 kB/570 kB 36%]                        8,870 B/s 1h 19min 25s0% [1 libx11-6 204 kB/570 kB 36%]                        8,870 B/s 1h 19min 25s0% [1 libx11-6 204 kB/570 kB 36%]                        8,870 B/s 1h 19min 25s0% [1 libx11-6 204 kB/570 kB 36%]                        8,870 B/s 1h 19min 25s0% [1 libx11-6 216 kB/570 kB 38%]                        8,870 B/s 1h 19min 24s0% [1 libx11-6 216 kB/570 kB 38%]                        8,870 B/s 1h 19min 24s0% [1 libx11-6 216 kB/570 kB 38%]                        8,870 B/s 1h 19min 24s0% [1 libx11-6 216 kB/570 kB 38%]                        8,870 B/s 1h 19min 24s0% [1 libx11-6 216 kB/570 kB 38%]                        8,870 B/s 1h 19min 24s0% [1 libx11-6 216 kB/570 kB 38%]                        1,871 B/s 6h 16min 26s0% [1 libx11-6 216 kB/570 kB 38%]                        1,871 B/s 6h 16min 26s0% [1 libx11-6 216 kB/570 kB 38%]                        1,871 B/s 6h 16min 26s0% [1 libx11-6 216 kB/570 kB 38%]                        1,871 B/s 6h 16min 26s0% [1 libx11-6 216 kB/570 kB 38%]                        1,871 B/s 6h 16min 26s0% [1 libx11-6 216 kB/570 kB 38%]                        1,871 B/s 6h 16min 26s0% [1 libx11-6 216 kB/570 kB 38%]                        1,871 B/s 6h 16min 26s0% [1 libx11-6 216 kB/570 kB 38%]                        1,871 B/s 6h 16min 26s0% [1 libx11-6 216 kB/570 kB 38%]                        1,871 B/s 6h 16min 26s0% [1 libx11-6 216 kB/570 kB 38%]                        1,871 B/s 6h 16min 26s0% [1 libx11-6 216 kB/570 kB 38%]                        1,871 B/s 6h 16min 26s0% [1 libx11-6 216 kB/570 kB 38%]                        1,871 B/s 6h 16min 26s0% [1 libx11-6 217 kB/570 kB 38%]                      267 B/s 1d 19h 57min 47s0% [1 libx11-6 217 kB/570 kB 38%]                      267 B/s 1d 19h 57min 47s0% [1 libx11-6 217 kB/570 kB 38%]                      267 B/s 1d 19h 57min 47s0% [1 libx11-6 217 kB/570 kB 38%]                      267 B/s 1d 19h 57min 47s0% [1 libx11-6 217 kB/570 kB 38%]                      267 B/s 1d 19h 57min 47s0% [1 libx11-6 217 kB/570 kB 38%]                      267 B/s 1d 19h 57min 47s0% [1 libx11-6 217 kB/570 kB 38%]                      267 B/s 1d 19h 57min 47s0% [1 libx11-6 217 kB/570 kB 38%]                      267 B/s 1d 19h 57min 47s0% [1 libx11-6 217 kB/570 kB 38%]                      267 B/s 1d 19h 57min 47s0% [1 libx11-6 217 kB/570 kB 38%]                      267 B/s 1d 19h 57min 47s0% [1 libx11-6 217 kB/570 kB 38%]                      267 B/s 1d 19h 57min 47s0% [1 libx11-6 217 kB/570 kB 38%]                      267 B/s 1d 19h 57min 47s                                                                               0% [1 libx11-6 217 kB/570 kB 38%]0% [1 libx11-6 217 kB/570 kB 38%]0% [1 libx11-6 217 kB/570 kB 38%]0% [1 libx11-6 217 kB/570 kB 38%]0% [1 libx11-6 217 kB/570 kB 38%]0% [1 libx11-6 217 kB/570 kB 38%]0% [1 libx11-6 217 kB/570 kB 38%]0% [1 libx11-6 217 kB/570 kB 38%]0% [1 libx11-6 217 kB/570 kB 38%]0% [1 libx11-6 217 kB/570 kB 38%]0% [1 libx11-6 217 kB/570 kB 38%]0% [1 libx11-6 217 kB/570 kB 38%]0% [1 libx11-6 217 kB/570 kB 38%]0% [1 libx11-6 217 kB/570 kB 38%]0% [1 libx11-6 217 kB/570 kB 38%]0% [1 libx11-6 217 kB/570 kB 38%]0% [1 libx11-6 217 kB/570 kB 38%]0% [1 libx11-6 217 kB/570 kB 38%]0% [1 libx11-6 217 kB/570 kB 38%]0% [1 libx11-6 233 kB/570 kB 41%]0% [1 libx11-6 246 kB/570 kB 43%]0% [1 libx11-6 262 kB/570 kB 46%]1% [1 libx11-6 269 kB/570 kB 47%]1% [1 libx11-6 269 kB/570 kB 47%]1% [1 libx11-6 273 kB/570 kB 48%]                        9,221 B/s 1h 16min 16s1% [1 libx11-6 282 kB/570 kB 49%]                        9,221 B/s 1h 16min 15s1% [1 libx11-6 285 kB/570 kB 50%]                        9,221 B/s 1h 16min 15s1% [1 libx11-6 286 kB/570 kB 50%]                        9,221 B/s 1h 16min 15s1% [1 libx11-6 286 kB/570 kB 50%]                        9,221 B/s 1h 16min 15s1% [1 libx11-6 289 kB/570 kB 51%]                        9,221 B/s 1h 16min 14s1% [1 libx11-6 289 kB/570 kB 51%]                        9,221 B/s 1h 16min 14s1% [1 libx11-6 289 kB/570 kB 51%]                        9,221 B/s 1h 16min 14s1% [1 libx11-6 293 kB/570 kB 51%]                        9,221 B/s 1h 16min 14s1% [1 libx11-6 293 kB/570 kB 51%]                        9,221 B/s 1h 16min 14s1% [1 libx11-6 293 kB/570 kB 51%]                        9,221 B/s 1h 16min 14s1% [1 libx11-6 293 kB/570 kB 51%]                        9,221 B/s 1h 16min 14s1% [1 libx11-6 293 kB/570 kB 51%]                        3,344 B/s 3h 30min 14s1% [1 libx11-6 293 kB/570 kB 51%]                        3,344 B/s 3h 30min 14s1% [1 libx11-6 293 kB/570 kB 51%]                        3,344 B/s 3h 30min 14s1% [1 libx11-6 293 kB/570 kB 51%]                        3,344 B/s 3h 30min 14s1% [1 libx11-6 299 kB/570 kB 52%]                        3,344 B/s 3h 30min 12s1% [1 libx11-6 299 kB/570 kB 52%]                        3,344 B/s 3h 30min 12s1% [1 libx11-6 299 kB/570 kB 52%]                        3,344 B/s 3h 30min 12s1% [1 libx11-6 299 kB/570 kB 52%]                        3,344 B/s 3h 30min 12s1% [1 libx11-6 299 kB/570 kB 52%]                        3,344 B/s 3h 30min 12s1% [1 libx11-6 299 kB/570 kB 52%]                        3,344 B/s 3h 30min 12s1% [1 libx11-6 299 kB/570 kB 52%]                        3,344 B/s 3h 30min 12s1% [1 libx11-6 299 kB/570 kB 52%]                        3,344 B/s 3h 30min 12s1% [1 libx11-6 299 kB/570 kB 52%]                          979 B/s 11h 58min 0s1% [1 libx11-6 299 kB/570 kB 52%]                          979 B/s 11h 58min 0s1% [1 libx11-6 299 kB/570 kB 52%]                          979 B/s 11h 58min 0s1% [1 libx11-6 299 kB/570 kB 52%]                          979 B/s 11h 58min 0s1% [1 libx11-6 299 kB/570 kB 52%]                          979 B/s 11h 58min 0s1% [1 libx11-6 299 kB/570 kB 52%]                          979 B/s 11h 58min 0s1% [1 libx11-6 299 kB/570 kB 52%]                          979 B/s 11h 58min 0s1% [1 libx11-6 299 kB/570 kB 52%]                          979 B/s 11h 58min 0s1% [1 libx11-6 301 kB/570 kB 53%]                         979 B/s 11h 57min 57s1% [1 libx11-6 301 kB/570 kB 53%]                         979 B/s 11h 57min 57s1% [1 libx11-6 301 kB/570 kB 53%]                         979 B/s 11h 57min 57s1% [1 libx11-6 301 kB/570 kB 53%]                         979 B/s 11h 57min 57s1% [1 libx11-6 301 kB/570 kB 53%]                       445 B/s 1d 2h 19min 31s1% [1 libx11-6 301 kB/570 kB 53%]                       445 B/s 1d 2h 19min 31s1% [1 libx11-6 301 kB/570 kB 53%]                       445 B/s 1d 2h 19min 31s1% [1 libx11-6 301 kB/570 kB 53%]                       445 B/s 1d 2h 19min 31s1% [1 libx11-6 301 kB/570 kB 53%]                       445 B/s 1d 2h 19min 31s1% [1 libx11-6 301 kB/570 kB 53%]                       445 B/s 1d 2h 19min 31s1% [1 libx11-6 301 kB/570 kB 53%]                       445 B/s 1d 2h 19min 31s1% [1 libx11-6 301 kB/570 kB 53%]                       445 B/s 1d 2h 19min 31s1% [1 libx11-6 301 kB/570 kB 53%]                       445 B/s 1d 2h 19min 31s1% [1 libx11-6 301 kB/570 kB 53%]                       445 B/s 1d 2h 19min 31s1% [1 libx11-6 301 kB/570 kB 53%]                       445 B/s 1d 2h 19min 31s1% [1 libx11-6 301 kB/570 kB 53%]                       445 B/s 1d 2h 19min 31s                                                                               1% [1 libx11-6 301 kB/570 kB 53%]1% [1 libx11-6 301 kB/570 kB 53%]1% [1 libx11-6 301 kB/570 kB 53%]1% [1 libx11-6 301 kB/570 kB 53%]1% [1 libx11-6 301 kB/570 kB 53%]1% [1 libx11-6 301 kB/570 kB 53%]1% [1 libx11-6 301 kB/570 kB 53%]1% [1 libx11-6 301 kB/570 kB 53%]1% [1 libx11-6 301 kB/570 kB 53%]1% [1 libx11-6 301 kB/570 kB 53%]1% [1 libx11-6 301 kB/570 kB 53%]1% [1 libx11-6 328 kB/570 kB 58%]1% [1 libx11-6 346 kB/570 kB 61%]                        7,398 B/s 1h 34min 54s1% [1 libx11-6 346 kB/570 kB 61%]                        7,398 B/s 1h 34min 54s1% [1 libx11-6 347 kB/570 kB 61%]                        7,398 B/s 1h 34min 54s1% [1 libx11-6 357 kB/570 kB 63%]                        7,398 B/s 1h 34min 53s1% [1 libx11-6 357 kB/570 kB 63%]                        7,398 B/s 1h 34min 53s1% [1 libx11-6 357 kB/570 kB 63%]                        7,398 B/s 1h 34min 53s1% [1 libx11-6 357 kB/570 kB 63%]                        7,398 B/s 1h 34min 53s1% [1 libx11-6 357 kB/570 kB 63%]                        7,398 B/s 1h 34min 53s1% [1 libx11-6 359 kB/570 kB 63%]                        7,398 B/s 1h 34min 52s1% [1 libx11-6 359 kB/570 kB 63%]                        7,398 B/s 1h 34min 52s1% [1 libx11-6 359 kB/570 kB 63%]                        7,398 B/s 1h 34min 52s1% [1 libx11-6 359 kB/570 kB 63%]                        7,398 B/s 1h 34min 52s1% [1 libx11-6 359 kB/570 kB 63%]                        2,227 B/s 5h 15min 11s1% [1 libx11-6 359 kB/570 kB 63%]                        2,227 B/s 5h 15min 11s1% [1 libx11-6 366 kB/570 kB 64%]                         2,227 B/s 5h 15min 8s1% [1 libx11-6 366 kB/570 kB 64%]                         2,227 B/s 5h 15min 8s1% [1 libx11-6 366 kB/570 kB 64%]                         2,227 B/s 5h 15min 8s1% [1 libx11-6 366 kB/570 kB 64%]                         2,227 B/s 5h 15min 8s1% [1 libx11-6 366 kB/570 kB 64%]                         2,227 B/s 5h 15min 8s1% [1 libx11-6 366 kB/570 kB 64%]                         2,227 B/s 5h 15min 8s1% [1 libx11-6 366 kB/570 kB 64%]                         2,227 B/s 5h 15min 8s1% [1 libx11-6 366 kB/570 kB 64%]                         2,227 B/s 5h 15min 8s1% [1 libx11-6 366 kB/570 kB 64%]                         2,227 B/s 5h 15min 8s1% [1 libx11-6 366 kB/570 kB 64%]                         2,227 B/s 5h 15min 8s1% [1 libx11-6 366 kB/570 kB 64%]                        1,157 B/s 10h 6min 34s1% [1 libx11-6 366 kB/570 kB 64%]                        1,157 B/s 10h 6min 34s1% [1 libx11-6 366 kB/570 kB 64%]                        1,157 B/s 10h 6min 34s1% [1 libx11-6 366 kB/570 kB 64%]                        1,157 B/s 10h 6min 34s1% [1 libx11-6 368 kB/570 kB 65%]                        1,157 B/s 10h 6min 32s1% [1 libx11-6 368 kB/570 kB 65%]                        1,157 B/s 10h 6min 32s1% [1 libx11-6 368 kB/570 kB 65%]                        1,157 B/s 10h 6min 32s1% [1 libx11-6 368 kB/570 kB 65%]                        1,157 B/s 10h 6min 32s1% [1 libx11-6 368 kB/570 kB 65%]                        1,157 B/s 10h 6min 32s1% [1 libx11-6 368 kB/570 kB 65%]                        1,157 B/s 10h 6min 32s1% [1 libx11-6 368 kB/570 kB 65%]                        1,157 B/s 10h 6min 32s1% [1 libx11-6 368 kB/570 kB 65%]                        1,157 B/s 10h 6min 32s1% [1 libx11-6 368 kB/570 kB 65%]                       356 B/s 1d 8h 51min 15s1% [1 libx11-6 368 kB/570 kB 65%]                       356 B/s 1d 8h 51min 15s1% [1 libx11-6 368 kB/570 kB 65%]                       356 B/s 1d 8h 51min 15s1% [1 libx11-6 368 kB/570 kB 65%]                       356 B/s 1d 8h 51min 15s1% [1 libx11-6 368 kB/570 kB 65%]                       356 B/s 1d 8h 51min 15s1% [1 libx11-6 368 kB/570 kB 65%]                       356 B/s 1d 8h 51min 15s1% [1 libx11-6 368 kB/570 kB 65%]                       356 B/s 1d 8h 51min 15s1% [1 libx11-6 368 kB/570 kB 65%]                       356 B/s 1d 8h 51min 15s1% [1 libx11-6 368 kB/570 kB 65%]                       356 B/s 1d 8h 51min 15s1% [1 libx11-6 368 kB/570 kB 65%]                       356 B/s 1d 8h 51min 15s1% [1 libx11-6 368 kB/570 kB 65%]                       356 B/s 1d 8h 51min 15s1% [1 libx11-6 368 kB/570 kB 65%]                       356 B/s 1d 8h 51min 15s                                                                               1% [1 libx11-6 368 kB/570 kB 65%]1% [1 libx11-6 368 kB/570 kB 65%]1% [1 libx11-6 368 kB/570 kB 65%]1% [1 libx11-6 368 kB/570 kB 65%]1% [1 libx11-6 368 kB/570 kB 65%]1% [1 libx11-6 368 kB/570 kB 65%]1% [1 libx11-6 372 kB/570 kB 65%]1% [1 libx11-6 372 kB/570 kB 65%]1% [1 libx11-6 372 kB/570 kB 65%]1% [1 libx11-6 372 kB/570 kB 65%]1% [1 libx11-6 372 kB/570 kB 65%]1% [1 libx11-6 372 kB/570 kB 65%]1% [1 libx11-6 372 kB/570 kB 65%]                          534 B/s 21h 54min 4s1% [1 libx11-6 372 kB/570 kB 65%]                          534 B/s 21h 54min 4s1% [1 libx11-6 372 kB/570 kB 65%]                          534 B/s 21h 54min 4s1% [1 libx11-6 372 kB/570 kB 65%]                          534 B/s 21h 54min 4s1% [1 libx11-6 372 kB/570 kB 65%]                          534 B/s 21h 54min 4s1% [1 libx11-6 372 kB/570 kB 65%]                          534 B/s 21h 54min 4s1% [1 libx11-6 372 kB/570 kB 65%]                          534 B/s 21h 54min 4s1% [1 libx11-6 372 kB/570 kB 65%]                          534 B/s 21h 54min 4s1% [1 libx11-6 372 kB/570 kB 65%]                          534 B/s 21h 54min 4s1% [1 libx11-6 372 kB/570 kB 65%]                          534 B/s 21h 54min 4s1% [1 libx11-6 372 kB/570 kB 65%]                          534 B/s 21h 54min 4s1% [1 libx11-6 372 kB/570 kB 65%]                          534 B/s 21h 54min 4s                                                                               1% [1 libx11-6 372 kB/570 kB 65%]1% [1 libx11-6 372 kB/570 kB 65%]1% [1 libx11-6 372 kB/570 kB 65%]1% [1 libx11-6 372 kB/570 kB 65%]1% [1 libx11-6 372 kB/570 kB 65%]1% [1 libx11-6 372 kB/570 kB 65%]1% [1 libx11-6 372 kB/570 kB 65%]1% [1 libx11-6 372 kB/570 kB 65%]1% [1 libx11-6 372 kB/570 kB 65%]1% [1 libx11-6 372 kB/570 kB 65%]1% [1 libx11-6 372 kB/570 kB 65%]1% [1 libx11-6 372 kB/570 kB 65%]1% [1 libx11-6 372 kB/570 kB 65%]1% [1 libx11-6 372 kB/570 kB 65%]1% [1 libx11-6 372 kB/570 kB 65%]1% [1 libx11-6 372 kB/570 kB 65%]1% [1 libx11-6 372 kB/570 kB 65%]1% [1 libx11-6 372 kB/570 kB 65%]1% [1 libx11-6 372 kB/570 kB 65%]1% [1 libx11-6 372 kB/570 kB 65%]1% [1 libx11-6 372 kB/570 kB 65%]1% [1 libx11-6 372 kB/570 kB 65%]1% [1 libx11-6 372 kB/570 kB 65%]1% [1 libx11-6 372 kB/570 kB 65%]1% [1 libx11-6 372 kB/570 kB 65%]1% [1 libx11-6 372 kB/570 kB 65%]1% [1 libx11-6 372 kB/570 kB 65%]1% [1 libx11-6 372 kB/570 kB 65%]1% [1 libx11-6 372 kB/570 kB 65%]1% [1 libx11-6 372 kB/570 kB 65%]1% [1 libx11-6 372 kB/570 kB 65%]1% [1 libx11-6 372 kB/570 kB 65%]1% [1 libx11-6 372 kB/570 kB 65%]1% [1 libx11-6 382 kB/570 kB 67%]1% [1 libx11-6 382 kB/570 kB 67%]1% [1 libx11-6 382 kB/570 kB 67%]1% [1 libx11-6 382 kB/570 kB 67%]                        1,782 B/s 6h 33min 40s1% [1 libx11-6 382 kB/570 kB 67%]                        1,782 B/s 6h 33min 40s1% [1 libx11-6 382 kB/570 kB 67%]                        1,782 B/s 6h 33min 40s1% [1 libx11-6 382 kB/570 kB 67%]                        1,782 B/s 6h 33min 40s1% [1 libx11-6 382 kB/570 kB 67%]                        1,782 B/s 6h 33min 40s1% [1 libx11-6 382 kB/570 kB 67%]                        1,782 B/s 6h 33min 40s1% [1 libx11-6 382 kB/570 kB 67%]                        1,782 B/s 6h 33min 40s1% [1 libx11-6 382 kB/570 kB 67%]                        1,782 B/s 6h 33min 40s1% [1 libx11-6 382 kB/570 kB 67%]                        1,782 B/s 6h 33min 40s1% [1 libx11-6 382 kB/570 kB 67%]                        1,782 B/s 6h 33min 40s1% [1 libx11-6 382 kB/570 kB 67%]                        1,782 B/s 6h 33min 40s1% [1 libx11-6 382 kB/570 kB 67%]                        1,782 B/s 6h 33min 40s                                                                               1% [1 libx11-6 382 kB/570 kB 67%]1% [1 libx11-6 382 kB/570 kB 67%]1% [1 libx11-6 382 kB/570 kB 67%]1% [1 libx11-6 382 kB/570 kB 67%]1% [1 libx11-6 382 kB/570 kB 67%]1% [1 libx11-6 382 kB/570 kB 67%]1% [1 libx11-6 382 kB/570 kB 67%]1% [1 libx11-6 382 kB/570 kB 67%]1% [1 libx11-6 382 kB/570 kB 67%]1% [1 libx11-6 382 kB/570 kB 67%]1% [1 libx11-6 382 kB/570 kB 67%]1% [1 libx11-6 382 kB/570 kB 67%]1% [1 libx11-6 382 kB/570 kB 67%]1% [1 libx11-6 382 kB/570 kB 67%]1% [1 libx11-6 382 kB/570 kB 67%]1% [1 libx11-6 382 kB/570 kB 67%]1% [1 libx11-6 382 kB/570 kB 67%]1% [1 libx11-6 382 kB/570 kB 67%]1% [1 libx11-6 382 kB/570 kB 67%]1% [1 libx11-6 382 kB/570 kB 67%]1% [1 libx11-6 382 kB/570 kB 67%]1% [1 libx11-6 382 kB/570 kB 67%]1% [1 libx11-6 382 kB/570 kB 67%]1% [1 libx11-6 382 kB/570 kB 67%]1% [1 libx11-6 382 kB/570 kB 67%]1% [1 libx11-6 382 kB/570 kB 67%]1% [1 libx11-6 382 kB/570 kB 67%]1% [1 libx11-6 382 kB/570 kB 67%]1% [1 libx11-6 382 kB/570 kB 67%]1% [1 libx11-6 382 kB/570 kB 67%]1% [1 libx11-6 382 kB/570 kB 67%]1% [1 libx11-6 382 kB/570 kB 67%]1% [1 libx11-6 382 kB/570 kB 67%]1% [1 libx11-6 382 kB/570 kB 67%]1% [1 libx11-6 382 kB/570 kB 67%]1% [1 libx11-6 382 kB/570 kB 67%]1% [1 libx11-6 382 kB/570 kB 67%]1% [1 libx11-6 382 kB/570 kB 67%]1% [1 libx11-6 382 kB/570 kB 67%]1% [1 libx11-6 382 kB/570 kB 67%]1% [1 libx11-6 382 kB/570 kB 67%]1% [1 libx11-6 382 kB/570 kB 67%]1% [1 libx11-6 382 kB/570 kB 67%]1% [1 libx11-6 382 kB/570 kB 67%]1% [1 libx11-6 382 kB/570 kB 67%]1% [1 libx11-6 382 kB/570 kB 67%]1% [1 libx11-6 382 kB/570 kB 67%]1% [1 libx11-6 382 kB/570 kB 67%]1% [1 libx11-6 382 kB/570 kB 67%]1% [1 libx11-6 382 kB/570 kB 67%]1% [1 libx11-6 382 kB/570 kB 67%]1% [1 libx11-6 382 kB/570 kB 67%]1% [1 libx11-6 382 kB/570 kB 67%]1% [1 libx11-6 382 kB/570 kB 67%]1% [1 libx11-6 382 kB/570 kB 67%]
1% [1 libx11-6 382 kB/570 kB 67%]


1% [1 libx11-6 382 kB/570 kB 67%]1% [1 libx11-6 382 kB/570 kB 67%]1% [1 libx11-6 382 kB/570 kB 67%]1% [1 libx11-6 382 kB/570 kB 67%]1% [1 libx11-6 382 kB/570 kB 67%]1% [1 libx11-6 382 kB/570 kB 67%]^C
root@ubuntu:/sdb# ^C
root@ubuntu:/sdb# ^C
root@ubuntu:/sdb# ls
build  custom_shell  lost+found
root@ubuntu:/sdb# cd build/
root@ubuntu:/sdb/build# ls
root@ubuntu:/sdb/build# mkdir tensorflow
root@ubuntu:/sdb/build# crm -rf tensorflow/
root@ubuntu:/sdb/build# ls
root@ubuntu:/sdb/build# exit
exit
zh@ubuntu:~$ ls
Desktop    Downloads         Music     Public     Videos
Documents  examples.desktop  Pictures  Templates
zh@ubuntu:~$ cd /sdb/ubuild/
zh@ubuntu:/sdb/build$ ls
zh@ubuntu:/sdb/build$ git clone --recurse-submodules  http://github.com/tensorfl ow/tensorflow
The program 'git' is currently not installed. You can install it by typing:
sudo apt install git
zh@ubuntu:/sdb/build$ sudo